[2022-01-27T22:00:19.910+0530][gc,heap] Heap region size: 1M
[2022-01-27T22:00:19.921+0530][gc     ] Using G1
[2022-01-27T22:00:19.921+0530][gc,heap,coops] Heap address: 0x00000000c0000000, size: 1024 MB, Compressed Oops mode: 32-bit
[2022-01-27T22:00:19.921+0530][gc,cds       ] Mark closed archive regions in map: [0x00000000fff00000, 0x00000000fff6aff8]
[2022-01-27T22:00:19.921+0530][gc,cds       ] Mark open archive regions in map: [0x00000000ffe00000, 0x00000000ffe46ff8]
[2022-01-27T22:00:20.762+0530][gc,start     ] GC(0) Pause Young (Normal) (G1 Evacuation Pause)
[2022-01-27T22:00:20.763+0530][gc,task      ] GC(0) Using 8 workers of 8 for evacuation
[2022-01-27T22:00:20.773+0530][gc,phases    ] GC(0)   Pre Evacuate Collection Set: 0.0ms
[2022-01-27T22:00:20.773+0530][gc,phases    ] GC(0)   Evacuate Collection Set: 9.4ms
[2022-01-27T22:00:20.773+0530][gc,phases    ] GC(0)   Post Evacuate Collection Set: 0.4ms
[2022-01-27T22:00:20.773+0530][gc,phases    ] GC(0)   Other: 1.0ms
[2022-01-27T22:00:20.773+0530][gc,heap      ] GC(0) Eden regions: 51->0(44)
[2022-01-27T22:00:20.773+0530][gc,heap      ] GC(0) Survivor regions: 0->7(7)
[2022-01-27T22:00:20.773+0530][gc,heap      ] GC(0) Old regions: 2->2
[2022-01-27T22:00:20.773+0530][gc,heap      ] GC(0) Humongous regions: 0->0
[2022-01-27T22:00:20.773+0530][gc,metaspace ] GC(0) Metaspace: 15415K->15415K(1062912K)
[2022-01-27T22:00:20.773+0530][gc           ] GC(0) Pause Young (Normal) (G1 Evacuation Pause) 51M->7M(1024M) 10.898ms
[2022-01-27T22:00:20.773+0530][gc,cpu       ] GC(0) User=0.07s Sys=0.00s Real=0.01s
[2022-01-27T22:00:21.106+0530][gc,start     ] GC(1) Pause Young (Concurrent Start) (Metadata GC Threshold)
[2022-01-27T22:00:21.106+0530][gc,task      ] GC(1) Using 8 workers of 8 for evacuation
[2022-01-27T22:00:21.118+0530][gc,phases    ] GC(1)   Pre Evacuate Collection Set: 0.1ms
[2022-01-27T22:00:21.118+0530][gc,phases    ] GC(1)   Evacuate Collection Set: 11.5ms
[2022-01-27T22:00:21.118+0530][gc,phases    ] GC(1)   Post Evacuate Collection Set: 0.5ms
[2022-01-27T22:00:21.118+0530][gc,phases    ] GC(1)   Other: 0.5ms
[2022-01-27T22:00:21.118+0530][gc,heap      ] GC(1) Eden regions: 22->0(49)
[2022-01-27T22:00:21.118+0530][gc,heap      ] GC(1) Survivor regions: 7->2(7)
[2022-01-27T22:00:21.118+0530][gc,heap      ] GC(1) Old regions: 2->9
[2022-01-27T22:00:21.118+0530][gc,heap      ] GC(1) Humongous regions: 0->0
[2022-01-27T22:00:21.118+0530][gc,metaspace ] GC(1) Metaspace: 20665K->20665K(1067008K)
[2022-01-27T22:00:21.118+0530][gc           ] GC(1) Pause Young (Concurrent Start) (Metadata GC Threshold) 29M->8M(1024M) 12.732ms
[2022-01-27T22:00:21.118+0530][gc,cpu       ] GC(1) User=0.08s Sys=0.00s Real=0.01s
[2022-01-27T22:00:21.118+0530][gc           ] GC(2) Concurrent Cycle
[2022-01-27T22:00:21.118+0530][gc,marking   ] GC(2) Concurrent Clear Claimed Marks
[2022-01-27T22:00:21.118+0530][gc,marking   ] GC(2) Concurrent Clear Claimed Marks 0.048ms
[2022-01-27T22:00:21.118+0530][gc,marking   ] GC(2) Concurrent Scan Root Regions
[2022-01-27T22:00:21.119+0530][gc,marking   ] GC(2) Concurrent Scan Root Regions 0.967ms
[2022-01-27T22:00:21.119+0530][gc,marking   ] GC(2) Concurrent Mark (1.214s)
[2022-01-27T22:00:21.119+0530][gc,marking   ] GC(2) Concurrent Mark From Roots
[2022-01-27T22:00:21.119+0530][gc,task      ] GC(2) Using 2 workers of 2 for marking
[2022-01-27T22:00:21.125+0530][gc,marking   ] GC(2) Concurrent Mark From Roots 5.355ms
[2022-01-27T22:00:21.125+0530][gc,marking   ] GC(2) Concurrent Preclean
[2022-01-27T22:00:21.125+0530][gc,marking   ] GC(2) Concurrent Preclean 0.078ms
[2022-01-27T22:00:21.125+0530][gc,marking   ] GC(2) Concurrent Mark (1.214s, 1.219s) 5.481ms
[2022-01-27T22:00:21.125+0530][gc,start     ] GC(2) Pause Remark
[2022-01-27T22:00:21.127+0530][gc,stringtable] GC(2) Cleaned string and symbol table, strings: 5180 processed, 0 removed, symbols: 51379 processed, 59 removed
[2022-01-27T22:00:21.127+0530][gc            ] GC(2) Pause Remark 8M->8M(1024M) 2.230ms
[2022-01-27T22:00:21.127+0530][gc,cpu        ] GC(2) User=0.01s Sys=0.00s Real=0.01s
[2022-01-27T22:00:21.127+0530][gc,marking    ] GC(2) Concurrent Rebuild Remembered Sets
[2022-01-27T22:00:21.131+0530][gc,marking    ] GC(2) Concurrent Rebuild Remembered Sets 3.855ms
[2022-01-27T22:00:21.132+0530][gc,start      ] GC(2) Pause Cleanup
[2022-01-27T22:00:21.132+0530][gc            ] GC(2) Pause Cleanup 9M->9M(1024M) 0.236ms
[2022-01-27T22:00:21.132+0530][gc,cpu        ] GC(2) User=0.00s Sys=0.00s Real=0.00s
[2022-01-27T22:00:21.132+0530][gc,marking    ] GC(2) Concurrent Cleanup for Next Mark
[2022-01-27T22:00:21.135+0530][gc,marking    ] GC(2) Concurrent Cleanup for Next Mark 3.291ms
[2022-01-27T22:00:21.135+0530][gc            ] GC(2) Concurrent Cycle 16.862ms
[2022-01-27T22:00:21.608+0530][gc,start      ] GC(3) Pause Young (Normal) (G1 Evacuation Pause)
[2022-01-27T22:00:21.608+0530][gc,task       ] GC(3) Using 8 workers of 8 for evacuation
[2022-01-27T22:00:21.612+0530][gc,phases     ] GC(3)   Pre Evacuate Collection Set: 0.0ms
[2022-01-27T22:00:21.612+0530][gc,phases     ] GC(3)   Evacuate Collection Set: 3.5ms
[2022-01-27T22:00:21.612+0530][gc,phases     ] GC(3)   Post Evacuate Collection Set: 0.3ms
[2022-01-27T22:00:21.612+0530][gc,phases     ] GC(3)   Other: 0.1ms
[2022-01-27T22:00:21.612+0530][gc,heap       ] GC(3) Eden regions: 49->0(46)
[2022-01-27T22:00:21.612+0530][gc,heap       ] GC(3) Survivor regions: 2->5(7)
[2022-01-27T22:00:21.612+0530][gc,heap       ] GC(3) Old regions: 9->9
[2022-01-27T22:00:21.612+0530][gc,heap       ] GC(3) Humongous regions: 129->129
[2022-01-27T22:00:21.612+0530][gc,metaspace  ] GC(3) Metaspace: 29305K->29305K(1075200K)
[2022-01-27T22:00:21.612+0530][gc            ] GC(3) Pause Young (Normal) (G1 Evacuation Pause) 186M->140M(1024M) 4.110ms
[2022-01-27T22:00:21.612+0530][gc,cpu        ] GC(3) User=0.03s Sys=0.00s Real=0.00s
[2022-01-27T22:00:21.919+0530][gc,start      ] GC(4) Pause Young (Concurrent Start) (Metadata GC Threshold)
[2022-01-27T22:00:21.919+0530][gc,task       ] GC(4) Using 8 workers of 8 for evacuation
[2022-01-27T22:00:21.936+0530][gc,phases     ] GC(4)   Pre Evacuate Collection Set: 0.3ms
[2022-01-27T22:00:21.936+0530][gc,phases     ] GC(4)   Evacuate Collection Set: 13.7ms
[2022-01-27T22:00:21.936+0530][gc,phases     ] GC(4)   Post Evacuate Collection Set: 2.1ms
[2022-01-27T22:00:21.936+0530][gc,phases     ] GC(4)   Other: 0.9ms
[2022-01-27T22:00:21.936+0530][gc,heap       ] GC(4) Eden regions: 26->0(45)
[2022-01-27T22:00:21.936+0530][gc,heap       ] GC(4) Survivor regions: 5->6(7)
[2022-01-27T22:00:21.936+0530][gc,heap       ] GC(4) Old regions: 9->10
[2022-01-27T22:00:21.936+0530][gc,heap       ] GC(4) Humongous regions: 129->129
[2022-01-27T22:00:21.936+0530][gc,metaspace  ] GC(4) Metaspace: 34672K->34672K(1081344K)
[2022-01-27T22:00:21.936+0530][gc            ] GC(4) Pause Young (Concurrent Start) (Metadata GC Threshold) 165M->142M(1024M) 17.443ms
[2022-01-27T22:00:21.936+0530][gc,cpu        ] GC(4) User=0.08s Sys=0.00s Real=0.01s
[2022-01-27T22:00:21.936+0530][gc            ] GC(5) Concurrent Cycle
[2022-01-27T22:00:21.936+0530][gc,marking    ] GC(5) Concurrent Clear Claimed Marks
[2022-01-27T22:00:21.937+0530][gc,marking    ] GC(5) Concurrent Clear Claimed Marks 0.153ms
[2022-01-27T22:00:21.937+0530][gc,marking    ] GC(5) Concurrent Scan Root Regions
[2022-01-27T22:00:21.943+0530][gc,marking    ] GC(5) Concurrent Scan Root Regions 5.934ms
[2022-01-27T22:00:21.943+0530][gc,marking    ] GC(5) Concurrent Mark (2.037s)
[2022-01-27T22:00:21.943+0530][gc,marking    ] GC(5) Concurrent Mark From Roots
[2022-01-27T22:00:21.943+0530][gc,task       ] GC(5) Using 2 workers of 2 for marking
[2022-01-27T22:00:21.964+0530][gc,marking    ] GC(5) Concurrent Mark From Roots 21.190ms
[2022-01-27T22:00:21.964+0530][gc,marking    ] GC(5) Concurrent Preclean
[2022-01-27T22:00:21.964+0530][gc,marking    ] GC(5) Concurrent Preclean 0.146ms
[2022-01-27T22:00:21.964+0530][gc,marking    ] GC(5) Concurrent Mark (2.037s, 2.058s) 21.418ms
[2022-01-27T22:00:21.965+0530][gc,start      ] GC(5) Pause Remark
[2022-01-27T22:00:21.980+0530][gc,stringtable] GC(5) Cleaned string and symbol table, strings: 11075 processed, 12 removed, symbols: 84362 processed, 17 removed
[2022-01-27T22:00:21.980+0530][gc            ] GC(5) Pause Remark 143M->143M(1024M) 15.393ms
[2022-01-27T22:00:21.980+0530][gc,cpu        ] GC(5) User=0.06s Sys=0.00s Real=0.02s
[2022-01-27T22:00:21.980+0530][gc,marking    ] GC(5) Concurrent Rebuild Remembered Sets
[2022-01-27T22:00:22.007+0530][gc,marking    ] GC(5) Concurrent Rebuild Remembered Sets 26.619ms
[2022-01-27T22:00:22.008+0530][gc,start      ] GC(5) Pause Cleanup
[2022-01-27T22:00:22.009+0530][gc            ] GC(5) Pause Cleanup 144M->144M(1024M) 0.478ms
[2022-01-27T22:00:22.009+0530][gc,cpu        ] GC(5) User=0.00s Sys=0.00s Real=0.00s
[2022-01-27T22:00:22.009+0530][gc,marking    ] GC(5) Concurrent Cleanup for Next Mark
[2022-01-27T22:00:22.025+0530][gc,marking    ] GC(5) Concurrent Cleanup for Next Mark 16.196ms
[2022-01-27T22:00:22.026+0530][gc            ] GC(5) Concurrent Cycle 89.250ms
[2022-01-27T22:34:01.567+0530][gc,start      ] GC(6) Pause Young (Normal) (G1 Evacuation Pause)
[2022-01-27T22:34:01.567+0530][gc,task       ] GC(6) Using 8 workers of 8 for evacuation
[2022-01-27T22:34:01.587+0530][gc,phases     ] GC(6)   Pre Evacuate Collection Set: 0.1ms
[2022-01-27T22:34:01.587+0530][gc,phases     ] GC(6)   Evacuate Collection Set: 16.8ms
[2022-01-27T22:34:01.587+0530][gc,phases     ] GC(6)   Post Evacuate Collection Set: 2.0ms
[2022-01-27T22:34:01.587+0530][gc,phases     ] GC(6)   Other: 0.7ms
[2022-01-27T22:34:01.587+0530][gc,heap       ] GC(6) Eden regions: 45->0(47)
[2022-01-27T22:34:01.587+0530][gc,heap       ] GC(6) Survivor regions: 6->4(7)
[2022-01-27T22:34:01.587+0530][gc,heap       ] GC(6) Old regions: 10->13
[2022-01-27T22:34:01.587+0530][gc,heap       ] GC(6) Humongous regions: 129->129
[2022-01-27T22:34:01.587+0530][gc,metaspace  ] GC(6) Metaspace: 40343K->40343K(1085440K)
[2022-01-27T22:34:01.587+0530][gc            ] GC(6) Pause Young (Normal) (G1 Evacuation Pause) 187M->143M(1024M) 20.008ms
[2022-01-27T22:34:01.587+0530][gc,cpu        ] GC(6) User=0.13s Sys=0.00s Real=0.02s
[2022-01-27T23:23:47.377+0530][gc,start      ] GC(7) Pause Young (Normal) (G1 Evacuation Pause)
[2022-01-27T23:23:47.377+0530][gc,task       ] GC(7) Using 8 workers of 8 for evacuation
[2022-01-27T23:23:47.382+0530][gc,phases     ] GC(7)   Pre Evacuate Collection Set: 0.0ms
[2022-01-27T23:23:47.382+0530][gc,phases     ] GC(7)   Evacuate Collection Set: 3.2ms
[2022-01-27T23:23:47.382+0530][gc,phases     ] GC(7)   Post Evacuate Collection Set: 2.4ms
[2022-01-27T23:23:47.382+0530][gc,phases     ] GC(7)   Other: 0.1ms
[2022-01-27T23:23:47.382+0530][gc,heap       ] GC(7) Eden regions: 47->0(47)
[2022-01-27T23:23:47.382+0530][gc,heap       ] GC(7) Survivor regions: 4->4(7)
[2022-01-27T23:23:47.382+0530][gc,heap       ] GC(7) Old regions: 13->13
[2022-01-27T23:23:47.382+0530][gc,heap       ] GC(7) Humongous regions: 129->129
[2022-01-27T23:23:47.382+0530][gc,metaspace  ] GC(7) Metaspace: 41578K->41578K(1087488K)
[2022-01-27T23:23:47.382+0530][gc            ] GC(7) Pause Young (Normal) (G1 Evacuation Pause) 190M->144M(1024M) 5.869ms
[2022-01-27T23:23:47.383+0530][gc,cpu        ] GC(7) User=0.04s Sys=0.00s Real=0.01s
[2022-01-27T23:30:36.741+0530][gc,start      ] GC(8) Pause Young (Normal) (G1 Evacuation Pause)
[2022-01-27T23:30:36.741+0530][gc,task       ] GC(8) Using 8 workers of 8 for evacuation
[2022-01-27T23:30:36.746+0530][gc,phases     ] GC(8)   Pre Evacuate Collection Set: 0.0ms
[2022-01-27T23:30:36.746+0530][gc,phases     ] GC(8)   Evacuate Collection Set: 4.7ms
[2022-01-27T23:30:36.746+0530][gc,phases     ] GC(8)   Post Evacuate Collection Set: 0.9ms
[2022-01-27T23:30:36.747+0530][gc,phases     ] GC(8)   Other: 0.2ms
[2022-01-27T23:30:36.747+0530][gc,heap       ] GC(8) Eden regions: 47->0(46)
[2022-01-27T23:30:36.747+0530][gc,heap       ] GC(8) Survivor regions: 4->5(7)
[2022-01-27T23:30:36.747+0530][gc,heap       ] GC(8) Old regions: 13->15
[2022-01-27T23:30:36.747+0530][gc,heap       ] GC(8) Humongous regions: 129->129
[2022-01-27T23:30:36.747+0530][gc,metaspace  ] GC(8) Metaspace: 44848K->44848K(1089536K)
[2022-01-27T23:30:36.747+0530][gc            ] GC(8) Pause Young (Normal) (G1 Evacuation Pause) 191M->146M(1024M) 5.892ms
[2022-01-27T23:30:36.747+0530][gc,cpu        ] GC(8) User=0.04s Sys=0.00s Real=0.01s
[2022-01-27T23:44:04.804+0530][gc,start      ] GC(9) Pause Young (Normal) (G1 Evacuation Pause)
[2022-01-27T23:44:04.804+0530][gc,task       ] GC(9) Using 8 workers of 8 for evacuation
[2022-01-27T23:44:04.821+0530][gc,phases     ] GC(9)   Pre Evacuate Collection Set: 0.1ms
[2022-01-27T23:44:04.821+0530][gc,phases     ] GC(9)   Evacuate Collection Set: 11.7ms
[2022-01-27T23:44:04.821+0530][gc,phases     ] GC(9)   Post Evacuate Collection Set: 4.6ms
[2022-01-27T23:44:04.821+0530][gc,phases     ] GC(9)   Other: 0.5ms
[2022-01-27T23:44:04.821+0530][gc,heap       ] GC(9) Eden regions: 46->0(46)
[2022-01-27T23:44:04.821+0530][gc,heap       ] GC(9) Survivor regions: 5->5(7)
[2022-01-27T23:44:04.821+0530][gc,heap       ] GC(9) Old regions: 15->16
[2022-01-27T23:44:04.821+0530][gc,heap       ] GC(9) Humongous regions: 129->129
[2022-01-27T23:44:04.821+0530][gc,metaspace  ] GC(9) Metaspace: 44940K->44940K(1089536K)
[2022-01-27T23:44:04.821+0530][gc            ] GC(9) Pause Young (Normal) (G1 Evacuation Pause) 192M->147M(1024M) 17.156ms
[2022-01-27T23:44:04.821+0530][gc,cpu        ] GC(9) User=0.11s Sys=0.00s Real=0.02s
[2022-01-27T23:58:31.567+0530][gc,start      ] GC(10) Pause Young (Normal) (G1 Evacuation Pause)
[2022-01-27T23:58:31.567+0530][gc,task       ] GC(10) Using 8 workers of 8 for evacuation
[2022-01-27T23:58:31.583+0530][gc,phases     ] GC(10)   Pre Evacuate Collection Set: 0.0ms
[2022-01-27T23:58:31.583+0530][gc,phases     ] GC(10)   Evacuate Collection Set: 13.0ms
[2022-01-27T23:58:31.583+0530][gc,phases     ] GC(10)   Post Evacuate Collection Set: 1.8ms
[2022-01-27T23:58:31.583+0530][gc,phases     ] GC(10)   Other: 1.1ms
[2022-01-27T23:58:31.583+0530][gc,heap       ] GC(10) Eden regions: 46->0(48)
[2022-01-27T23:58:31.583+0530][gc,heap       ] GC(10) Survivor regions: 5->3(7)
[2022-01-27T23:58:31.583+0530][gc,heap       ] GC(10) Old regions: 16->18
[2022-01-27T23:58:31.583+0530][gc,heap       ] GC(10) Humongous regions: 129->129
[2022-01-27T23:58:31.583+0530][gc,metaspace  ] GC(10) Metaspace: 44983K->44983K(1089536K)
[2022-01-27T23:58:31.584+0530][gc            ] GC(10) Pause Young (Normal) (G1 Evacuation Pause) 193M->147M(1024M) 16.601ms
[2022-01-27T23:58:31.584+0530][gc,cpu        ] GC(10) User=0.10s Sys=0.00s Real=0.01s
[2022-01-28T00:14:16.567+0530][gc,start      ] GC(11) Pause Young (Normal) (G1 Evacuation Pause)
[2022-01-28T00:14:16.568+0530][gc,task       ] GC(11) Using 8 workers of 8 for evacuation
[2022-01-28T00:14:16.578+0530][gc,phases     ] GC(11)   Pre Evacuate Collection Set: 0.1ms
[2022-01-28T00:14:16.578+0530][gc,phases     ] GC(11)   Evacuate Collection Set: 7.0ms
[2022-01-28T00:14:16.578+0530][gc,phases     ] GC(11)   Post Evacuate Collection Set: 3.2ms
[2022-01-28T00:14:16.578+0530][gc,phases     ] GC(11)   Other: 0.6ms
[2022-01-28T00:14:16.578+0530][gc,heap       ] GC(11) Eden regions: 48->0(51)
[2022-01-28T00:14:16.579+0530][gc,heap       ] GC(11) Survivor regions: 3->3(7)
[2022-01-28T00:14:16.579+0530][gc,heap       ] GC(11) Old regions: 18->18
[2022-01-28T00:14:16.579+0530][gc,heap       ] GC(11) Humongous regions: 129->129
[2022-01-28T00:14:16.579+0530][gc,metaspace  ] GC(11) Metaspace: 45022K->45022K(1089536K)
[2022-01-28T00:14:16.579+0530][gc            ] GC(11) Pause Young (Normal) (G1 Evacuation Pause) 195M->147M(1024M) 11.319ms
[2022-01-28T00:14:16.579+0530][gc,cpu        ] GC(11) User=0.06s Sys=0.00s Real=0.01s
[2022-01-28T00:30:21.319+0530][gc,start      ] GC(12) Pause Young (Normal) (G1 Evacuation Pause)
[2022-01-28T00:30:21.320+0530][gc,task       ] GC(12) Using 8 workers of 8 for evacuation
[2022-01-28T00:30:21.326+0530][gc,phases     ] GC(12)   Pre Evacuate Collection Set: 0.2ms
[2022-01-28T00:30:21.326+0530][gc,phases     ] GC(12)   Evacuate Collection Set: 5.3ms
[2022-01-28T00:30:21.326+0530][gc,phases     ] GC(12)   Post Evacuate Collection Set: 0.4ms
[2022-01-28T00:30:21.326+0530][gc,phases     ] GC(12)   Other: 1.1ms
[2022-01-28T00:30:21.326+0530][gc,heap       ] GC(12) Eden regions: 51->0(65)
[2022-01-28T00:30:21.326+0530][gc,heap       ] GC(12) Survivor regions: 3->3(7)
[2022-01-28T00:30:21.326+0530][gc,heap       ] GC(12) Old regions: 18->18
[2022-01-28T00:30:21.326+0530][gc,heap       ] GC(12) Humongous regions: 129->129
[2022-01-28T00:30:21.326+0530][gc,metaspace  ] GC(12) Metaspace: 45028K->45028K(1089536K)
[2022-01-28T00:30:21.327+0530][gc            ] GC(12) Pause Young (Normal) (G1 Evacuation Pause) 198M->148M(1024M) 7.067ms
[2022-01-28T00:30:21.327+0530][gc,cpu        ] GC(12) User=0.03s Sys=0.00s Real=0.01s
[2022-01-28T00:52:06.567+0530][gc,start      ] GC(13) Pause Young (Normal) (G1 Evacuation Pause)
[2022-01-28T00:52:06.567+0530][gc,task       ] GC(13) Using 8 workers of 8 for evacuation
[2022-01-28T00:52:06.575+0530][gc,phases     ] GC(13)   Pre Evacuate Collection Set: 0.0ms
[2022-01-28T00:52:06.575+0530][gc,phases     ] GC(13)   Evacuate Collection Set: 7.3ms
[2022-01-28T00:52:06.575+0530][gc,phases     ] GC(13)   Post Evacuate Collection Set: 0.5ms
[2022-01-28T00:52:06.575+0530][gc,phases     ] GC(13)   Other: 0.3ms
[2022-01-28T00:52:06.575+0530][gc,heap       ] GC(13) Eden regions: 65->0(67)
[2022-01-28T00:52:06.575+0530][gc,heap       ] GC(13) Survivor regions: 3->4(9)
[2022-01-28T00:52:06.575+0530][gc,heap       ] GC(13) Old regions: 18->18
[2022-01-28T00:52:06.575+0530][gc,heap       ] GC(13) Humongous regions: 129->129
[2022-01-28T00:52:06.575+0530][gc,metaspace  ] GC(13) Metaspace: 45034K->45034K(1089536K)
[2022-01-28T00:52:06.575+0530][gc            ] GC(13) Pause Young (Normal) (G1 Evacuation Pause) 213M->148M(1024M) 8.303ms
[2022-01-28T00:52:06.575+0530][gc,cpu        ] GC(13) User=0.05s Sys=0.00s Real=0.00s
[2022-01-28T01:14:34.560+0530][gc,start      ] GC(14) Pause Young (Normal) (G1 Evacuation Pause)
[2022-01-28T01:14:34.560+0530][gc,task       ] GC(14) Using 8 workers of 8 for evacuation
[2022-01-28T01:14:34.569+0530][gc,phases     ] GC(14)   Pre Evacuate Collection Set: 0.1ms
[2022-01-28T01:14:34.569+0530][gc,phases     ] GC(14)   Evacuate Collection Set: 7.9ms
[2022-01-28T01:14:34.569+0530][gc,phases     ] GC(14)   Post Evacuate Collection Set: 1.1ms
[2022-01-28T01:14:34.570+0530][gc,phases     ] GC(14)   Other: 0.5ms
[2022-01-28T01:14:34.570+0530][gc,heap       ] GC(14) Eden regions: 67->0(232)
[2022-01-28T01:14:34.570+0530][gc,heap       ] GC(14) Survivor regions: 4->4(9)
[2022-01-28T01:14:34.570+0530][gc,heap       ] GC(14) Old regions: 18->18
[2022-01-28T01:14:34.570+0530][gc,heap       ] GC(14) Humongous regions: 129->129
[2022-01-28T01:14:34.570+0530][gc,metaspace  ] GC(14) Metaspace: 45040K->45040K(1089536K)
[2022-01-28T01:14:34.570+0530][gc            ] GC(14) Pause Young (Normal) (G1 Evacuation Pause) 215M->148M(1024M) 10.054ms
[2022-01-28T01:14:34.570+0530][gc,cpu        ] GC(14) User=0.07s Sys=0.00s Real=0.01s
[2022-01-28T02:31:25.667+0530][gc,start      ] GC(15) Pause Young (Normal) (G1 Evacuation Pause)
[2022-01-28T02:31:25.667+0530][gc,task       ] GC(15) Using 8 workers of 8 for evacuation
[2022-01-28T02:31:25.680+0530][gc,phases     ] GC(15)   Pre Evacuate Collection Set: 0.1ms
[2022-01-28T02:31:25.680+0530][gc,phases     ] GC(15)   Evacuate Collection Set: 11.0ms
[2022-01-28T02:31:25.680+0530][gc,phases     ] GC(15)   Post Evacuate Collection Set: 1.4ms
[2022-01-28T02:31:25.680+0530][gc,phases     ] GC(15)   Other: 0.7ms
[2022-01-28T02:31:25.680+0530][gc,heap       ] GC(15) Eden regions: 232->0(610)
[2022-01-28T02:31:25.680+0530][gc,heap       ] GC(15) Survivor regions: 4->4(30)
[2022-01-28T02:31:25.680+0530][gc,heap       ] GC(15) Old regions: 18->18
[2022-01-28T02:31:25.680+0530][gc,heap       ] GC(15) Humongous regions: 129->129
[2022-01-28T02:31:25.680+0530][gc,metaspace  ] GC(15) Metaspace: 45094K->45094K(1089536K)
[2022-01-28T02:31:25.680+0530][gc            ] GC(15) Pause Young (Normal) (G1 Evacuation Pause) 380M->148M(1024M) 13.406ms
[2022-01-28T02:31:25.680+0530][gc,cpu        ] GC(15) User=0.09s Sys=0.00s Real=0.01s
[2022-01-28T05:56:29.680+0530][gc,start      ] GC(16) Pause Young (Normal) (G1 Evacuation Pause)
[2022-01-28T05:56:29.680+0530][gc,task       ] GC(16) Using 8 workers of 8 for evacuation
[2022-01-28T05:56:29.687+0530][gc,phases     ] GC(16)   Pre Evacuate Collection Set: 0.1ms
[2022-01-28T05:56:29.687+0530][gc,phases     ] GC(16)   Evacuate Collection Set: 5.7ms
[2022-01-28T05:56:29.687+0530][gc,phases     ] GC(16)   Post Evacuate Collection Set: 0.9ms
[2022-01-28T05:56:29.687+0530][gc,phases     ] GC(16)   Other: 0.9ms
[2022-01-28T05:56:29.687+0530][gc,heap       ] GC(16) Eden regions: 610->0(611)
[2022-01-28T05:56:29.687+0530][gc,heap       ] GC(16) Survivor regions: 4->3(77)
[2022-01-28T05:56:29.687+0530][gc,heap       ] GC(16) Old regions: 18->18
[2022-01-28T05:56:29.687+0530][gc,heap       ] GC(16) Humongous regions: 129->129
[2022-01-28T05:56:29.688+0530][gc,metaspace  ] GC(16) Metaspace: 45121K->45121K(1089536K)
[2022-01-28T05:56:29.688+0530][gc            ] GC(16) Pause Young (Normal) (G1 Evacuation Pause) 758M->148M(1024M) 7.574ms
[2022-01-28T05:56:29.688+0530][gc,cpu        ] GC(16) User=0.05s Sys=0.00s Real=0.01s
[2022-01-28T09:22:14.749+0530][gc,start      ] GC(17) Pause Young (Normal) (G1 Evacuation Pause)
[2022-01-28T09:22:14.749+0530][gc,task       ] GC(17) Using 8 workers of 8 for evacuation
[2022-01-28T09:22:14.758+0530][gc,phases     ] GC(17)   Pre Evacuate Collection Set: 0.1ms
[2022-01-28T09:22:14.758+0530][gc,phases     ] GC(17)   Evacuate Collection Set: 7.7ms
[2022-01-28T09:22:14.758+0530][gc,phases     ] GC(17)   Post Evacuate Collection Set: 1.1ms
[2022-01-28T09:22:14.758+0530][gc,phases     ] GC(17)   Other: 0.5ms
[2022-01-28T09:22:14.758+0530][gc,heap       ] GC(17) Eden regions: 611->0(610)
[2022-01-28T09:22:14.758+0530][gc,heap       ] GC(17) Survivor regions: 3->4(77)
[2022-01-28T09:22:14.758+0530][gc,heap       ] GC(17) Old regions: 18->18
[2022-01-28T09:22:14.758+0530][gc,heap       ] GC(17) Humongous regions: 129->129
[2022-01-28T09:22:14.758+0530][gc,metaspace  ] GC(17) Metaspace: 45163K->45163K(1089536K)
[2022-01-28T09:22:14.758+0530][gc            ] GC(17) Pause Young (Normal) (G1 Evacuation Pause) 759M->149M(1024M) 9.520ms
[2022-01-28T09:22:14.758+0530][gc,cpu        ] GC(17) User=0.04s Sys=0.01s Real=0.01s
[2022-01-28T10:31:57.674+0530][gc,heap,exit  ] Heap
[2022-01-28T10:31:57.675+0530][gc,heap,exit  ]  garbage-first heap   total 1048576K, used 377065K [0x00000000c0000000, 0x0000000100000000)
[2022-01-28T10:31:57.675+0530][gc,heap,exit  ]   region size 1024K, 224 young (229376K), 4 survivors (4096K)
[2022-01-28T10:31:57.675+0530][gc,heap,exit  ]  Metaspace       used 46180K, capacity 49273K, committed 49532K, reserved 1091584K
[2022-01-28T10:31:57.675+0530][gc,heap,exit  ]   class space    used 6441K, capacity 7942K, committed 8060K, reserved 1048576K
