[2022-01-27T21:52:34.824+0530][gc,heap] Heap region size: 1M
[2022-01-27T21:52:34.832+0530][gc     ] Using G1
[2022-01-27T21:52:34.832+0530][gc,heap,coops] Heap address: 0x00000000c0000000, size: 1024 MB, Compressed Oops mode: 32-bit
[2022-01-27T21:52:34.832+0530][gc,cds       ] Mark closed archive regions in map: [0x00000000fff00000, 0x00000000fff6aff8]
[2022-01-27T21:52:34.832+0530][gc,cds       ] Mark open archive regions in map: [0x00000000ffe00000, 0x00000000ffe46ff8]
[2022-01-27T21:52:55.720+0530][gc,start     ] GC(0) Pause Young (Normal) (G1 Evacuation Pause)
[2022-01-27T21:52:55.720+0530][gc,task      ] GC(0) Using 8 workers of 8 for evacuation
[2022-01-27T21:52:55.748+0530][gc,mmu       ] GC(0) MMU target violated: 21.0ms (20.0ms/21.0ms)
[2022-01-27T21:52:55.748+0530][gc,phases    ] GC(0)   Pre Evacuate Collection Set: 0.0ms
[2022-01-27T21:52:55.748+0530][gc,phases    ] GC(0)   Evacuate Collection Set: 26.5ms
[2022-01-27T21:52:55.748+0530][gc,phases    ] GC(0)   Post Evacuate Collection Set: 1.2ms
[2022-01-27T21:52:55.748+0530][gc,phases    ] GC(0)   Other: 1.1ms
[2022-01-27T21:52:55.748+0530][gc,heap      ] GC(0) Eden regions: 51->0(44)
[2022-01-27T21:52:55.748+0530][gc,heap      ] GC(0) Survivor regions: 0->7(7)
[2022-01-27T21:52:55.748+0530][gc,heap      ] GC(0) Old regions: 2->2
[2022-01-27T21:52:55.748+0530][gc,heap      ] GC(0) Humongous regions: 0->0
[2022-01-27T21:52:55.748+0530][gc,metaspace ] GC(0) Metaspace: 15272K->15272K(1062912K)
[2022-01-27T21:52:55.749+0530][gc           ] GC(0) Pause Young (Normal) (G1 Evacuation Pause) 51M->7M(1024M) 28.927ms
[2022-01-27T21:52:55.749+0530][gc,cpu       ] GC(0) User=0.15s Sys=0.02s Real=0.03s
[2022-01-27T21:52:55.770+0530][gc,heap,exit ] Heap
[2022-01-27T21:52:55.770+0530][gc,heap,exit ]  garbage-first heap   total 1048576K, used 8476K [0x00000000c0000000, 0x0000000100000000)
[2022-01-27T21:52:55.770+0530][gc,heap,exit ]   region size 1024K, 9 young (9216K), 7 survivors (7168K)
[2022-01-27T21:52:55.770+0530][gc,heap,exit ]  Metaspace       used 15422K, capacity 15886K, committed 16128K, reserved 1062912K
[2022-01-27T21:52:55.770+0530][gc,heap,exit ]   class space    used 2093K, capacity 2297K, committed 2304K, reserved 1048576K
