[2022-01-27T21:56:43.213+0530][gc,heap] Heap region size: 1M
[2022-01-27T21:56:43.219+0530][gc     ] Using G1
[2022-01-27T21:56:43.219+0530][gc,heap,coops] Heap address: 0x00000000e0000000, size: 512 MB, Compressed Oops mode: 32-bit
[2022-01-27T21:56:43.220+0530][gc,cds       ] Mark closed archive regions in map: [0x00000000fff00000, 0x00000000fff6aff8]
[2022-01-27T21:56:43.220+0530][gc,cds       ] Mark open archive regions in map: [0x00000000ffe00000, 0x00000000ffe46ff8]
[2022-01-27T21:56:44.038+0530][gc,start     ] GC(0) Pause Young (Normal) (G1 Evacuation Pause)
[2022-01-27T21:56:44.040+0530][gc,task      ] GC(0) Using 8 workers of 8 for evacuation
[2022-01-27T21:56:44.056+0530][gc,phases    ] GC(0)   Pre Evacuate Collection Set: 0.0ms
[2022-01-27T21:56:44.056+0530][gc,phases    ] GC(0)   Evacuate Collection Set: 15.5ms
[2022-01-27T21:56:44.056+0530][gc,phases    ] GC(0)   Post Evacuate Collection Set: 0.5ms
[2022-01-27T21:56:44.056+0530][gc,phases    ] GC(0)   Other: 2.5ms
[2022-01-27T21:56:44.056+0530][gc,heap      ] GC(0) Eden regions: 25->0(21)
[2022-01-27T21:56:44.056+0530][gc,heap      ] GC(0) Survivor regions: 0->4(4)
[2022-01-27T21:56:44.056+0530][gc,heap      ] GC(0) Old regions: 2->5
[2022-01-27T21:56:44.056+0530][gc,heap      ] GC(0) Humongous regions: 0->0
[2022-01-27T21:56:44.056+0530][gc,metaspace ] GC(0) Metaspace: 7685K->7685K(1056768K)
[2022-01-27T21:56:44.056+0530][gc           ] GC(0) Pause Young (Normal) (G1 Evacuation Pause) 25M->7M(512M) 18.608ms
[2022-01-27T21:56:44.056+0530][gc,cpu       ] GC(0) User=0.10s Sys=0.00s Real=0.01s
[2022-01-27T22:20:43.428+0530][gc,start     ] GC(1) Pause Young (Normal) (G1 Evacuation Pause)
[2022-01-27T22:20:43.428+0530][gc,task      ] GC(1) Using 8 workers of 8 for evacuation
[2022-01-27T22:20:43.439+0530][gc,phases    ] GC(1)   Pre Evacuate Collection Set: 0.1ms
[2022-01-27T22:20:43.439+0530][gc,phases    ] GC(1)   Evacuate Collection Set: 10.0ms
[2022-01-27T22:20:43.439+0530][gc,phases    ] GC(1)   Post Evacuate Collection Set: 0.6ms
[2022-01-27T22:20:43.439+0530][gc,phases    ] GC(1)   Other: 0.6ms
[2022-01-27T22:20:43.439+0530][gc,heap      ] GC(1) Eden regions: 21->0(24)
[2022-01-27T22:20:43.439+0530][gc,heap      ] GC(1) Survivor regions: 4->1(4)
[2022-01-27T22:20:43.439+0530][gc,heap      ] GC(1) Old regions: 5->9
[2022-01-27T22:20:43.439+0530][gc,heap      ] GC(1) Humongous regions: 0->0
[2022-01-27T22:20:43.439+0530][gc,metaspace ] GC(1) Metaspace: 9299K->9299K(1058816K)
[2022-01-27T22:20:43.440+0530][gc           ] GC(1) Pause Young (Normal) (G1 Evacuation Pause) 28M->8M(512M) 11.490ms
[2022-01-27T22:20:43.440+0530][gc,cpu       ] GC(1) User=0.07s Sys=0.00s Real=0.01s
[2022-01-27T23:23:47.963+0530][gc,start     ] GC(2) Pause Young (Normal) (G1 Evacuation Pause)
[2022-01-27T23:23:47.963+0530][gc,task      ] GC(2) Using 8 workers of 8 for evacuation
[2022-01-27T23:23:47.965+0530][gc,phases    ] GC(2)   Pre Evacuate Collection Set: 0.0ms
[2022-01-27T23:23:47.965+0530][gc,phases    ] GC(2)   Evacuate Collection Set: 1.9ms
[2022-01-27T23:23:47.965+0530][gc,phases    ] GC(2)   Post Evacuate Collection Set: 0.5ms
[2022-01-27T23:23:47.965+0530][gc,phases    ] GC(2)   Other: 0.1ms
[2022-01-27T23:23:47.965+0530][gc,heap      ] GC(2) Eden regions: 24->0(24)
[2022-01-27T23:23:47.965+0530][gc,heap      ] GC(2) Survivor regions: 1->1(4)
[2022-01-27T23:23:47.965+0530][gc,heap      ] GC(2) Old regions: 9->9
[2022-01-27T23:23:47.965+0530][gc,heap      ] GC(2) Humongous regions: 0->0
[2022-01-27T23:23:47.965+0530][gc,metaspace ] GC(2) Metaspace: 9678K->9678K(1058816K)
[2022-01-27T23:23:47.965+0530][gc           ] GC(2) Pause Young (Normal) (G1 Evacuation Pause) 32M->8M(512M) 2.594ms
[2022-01-27T23:23:47.965+0530][gc,cpu       ] GC(2) User=0.01s Sys=0.00s Real=0.00s
[2022-01-28T06:54:08.800+0530][gc,start     ] GC(3) Pause Young (Normal) (G1 Evacuation Pause)
[2022-01-28T06:54:08.801+0530][gc,task      ] GC(3) Using 8 workers of 8 for evacuation
[2022-01-28T06:54:08.806+0530][gc,phases    ] GC(3)   Pre Evacuate Collection Set: 0.0ms
[2022-01-28T06:54:08.807+0530][gc,phases    ] GC(3)   Evacuate Collection Set: 3.5ms
[2022-01-28T06:54:08.807+0530][gc,phases    ] GC(3)   Post Evacuate Collection Set: 1.7ms
[2022-01-28T06:54:08.807+0530][gc,phases    ] GC(3)   Other: 1.1ms
[2022-01-28T06:54:08.807+0530][gc,heap      ] GC(3) Eden regions: 24->0(24)
[2022-01-28T06:54:08.807+0530][gc,heap      ] GC(3) Survivor regions: 1->1(4)
[2022-01-28T06:54:08.807+0530][gc,heap      ] GC(3) Old regions: 9->9
[2022-01-28T06:54:08.807+0530][gc,heap      ] GC(3) Humongous regions: 0->0
[2022-01-28T06:54:08.807+0530][gc,metaspace ] GC(3) Metaspace: 9692K->9692K(1058816K)
[2022-01-28T06:54:08.807+0530][gc           ] GC(3) Pause Young (Normal) (G1 Evacuation Pause) 32M->8M(512M) 6.758ms
[2022-01-28T06:54:08.807+0530][gc,cpu       ] GC(3) User=0.04s Sys=0.00s Real=0.01s
[2022-01-28T10:31:51.695+0530][gc,heap,exit ] Heap
[2022-01-28T10:31:51.707+0530][gc,heap,exit ]  garbage-first heap   total 524288K, used 20778K [0x00000000e0000000, 0x0000000100000000)
[2022-01-28T10:31:51.707+0530][gc,heap,exit ]   region size 1024K, 14 young (14336K), 1 survivors (1024K)
[2022-01-28T10:31:51.707+0530][gc,heap,exit ]  Metaspace       used 9727K, capacity 10143K, committed 10496K, reserved 1058816K
[2022-01-28T10:31:51.707+0530][gc,heap,exit ]   class space    used 991K, capacity 1157K, committed 1280K, reserved 1048576K
